// Jest Snapshot v1, https://goo.gl/fbAQLP

exports[`renders correctly 1`] = `
<PanMapButton>
  <a>
    <i
      className="glyphicon glyphicon-map-marker"
    />
  </a>
</PanMapButton>
`;
